=== attempt 1: waiting for quiet main
=== quiet window at 23:27; merging origin/main and regenerating
pushed 0c0fe60aa at 23:36
tick 1 pass=1 fail=0 mergeable=MERGEABLE
tick 2 pass=1 fail=0 mergeable=MERGEABLE
tick 3 pass=1 fail=0 mergeable=MERGEABLE
tick 4 pass=1 fail=0 mergeable=MERGEABLE
tick 5 pass=1 fail=0 mergeable=MERGEABLE
tick 6 pass=1 fail=0 mergeable=MERGEABLE
tick 7 pass=1 fail=0 mergeable=MERGEABLE
tick 8 pass=1 fail=0 mergeable=MERGEABLE
tick 9 pass=1 fail=0 mergeable=MERGEABLE
tick 10 pass=1 fail=0 mergeable=MERGEABLE
tick 11 pass=1 fail=0 mergeable=MERGEABLE
tick 12 pass=1 fail=0 mergeable=MERGEABLE
tick 13 pass=1 fail=0 mergeable=MERGEABLE
tick 14 pass=1 fail=0 mergeable=MERGEABLE
tick 15 pass=1 fail=0 mergeable=MERGEABLE
tick 16 pass=1 fail=0 mergeable=MERGEABLE
tick 17 pass=1 fail=0 mergeable=MERGEABLE
tick 18 pass=1 fail=0 mergeable=MERGEABLE
tick 19 pass=1 fail=0 mergeable=MERGEABLE
tick 20 pass=1 fail=0 mergeable=MERGEABLE
tick 21 pass=1 fail=0 mergeable=MERGEABLE
tick 22 pass=1 fail=0 mergeable=MERGEABLE
tick 23 pass=1 fail=0 mergeable=MERGEABLE
tick 24 pass=1 fail=0 mergeable=MERGEABLE
tick 25 pass=1 fail=0 mergeable=MERGEABLE
tick 26 pass=1 fail=0 mergeable=MERGEABLE
tick 27 pass=1 fail=0 mergeable=MERGEABLE
tick 28 pass=2 fail=0 mergeable=MERGEABLE
MERGED
LAND-DONE
