situation person keys: {'case_0__person-64695': ['age', 'dividend_income', 'employment_income', 'is_blind', 'is_disabled', 'is_pregnant', 'is_tax_unit_head', 'is_tax_unit_spouse', 'long_term_capital_gains', 'qualified_dividend_income', 'rental_income', 'self_employment_income', 'short_term_capital_gains', 'social_security', 'ssi', 'taxable_interest_income', 'taxable_pension_income', 'unemployment_compensation'], 'case_0__person-64696': ['age', 'dividend_income', 'employment_income', 'is_blind', 'is_disabled', 'is_pregnant', 'is_tax_unit_head', 'is_tax_unit_spouse', 'long_term_capital_gains', 'qualified_dividend_income', 'rental_income', 'self_employment_income', 'short_term_capital_gains', 'social_security', 'ssi', 'taxable_interest_income', 'taxable_pension_income', 'unemployment_compensation'], 'case_0__person-64697': ['age', 'dividend_income', 'employment_income', 'is_blind', 'is_disabled', 'is_pregnant', 'is_tax_unit_head', 'is_tax_unit_spouse', 'long_term_capital_gains', 'pre_subsidy_rent', 'qualified_dividend_income', 'rental_income', 'self_employment_income', 'short_term_capital_gains', 'social_security', 'ssi', 'taxable_interest_income', 'taxable_pension_income', 'unemployment_compensation']}
{
 "people_order": [
  "case_0__person-64695",
  "case_0__person-64696",
  "case_0__person-64697"
 ],
 "base": {
  "unit": {
   "snap": 0.0,
   "is_snap_eligible": false,
   "meets_snap_gross_income_test": false,
   "meets_snap_categorical_eligibility": false,
   "has_usda_elderly_disabled": false,
   "snap_gross_income": 2954.563232
  },
  "person": {
   "age": [
    31.0,
    1.0,
    35.0
   ],
   "is_disabled": [
    true,
    false,
    true
   ],
   "meets_ssi_disability_criteria": [
    false,
    false,
    false
   ],
   "ssi_engaged_in_sga": [
    true,
    false,
    false
   ],
   "ssi_earned_income": [
    35454.7578,
    0.0,
    0.0
   ],
   "employment_income": [
    35454.7578,
    0.0,
    0.0
   ],
   "is_blind": [
    false,
    false,
    false
   ],
   "is_ssi_disabled": [
    false,
    false,
    false
   ],
   "social_security_disability": [
    0.0,
    0.0,
    0.0
   ],
   "is_permanently_disabled_veteran": [
    false,
    false,
    false
   ],
   "is_surviving_spouse_of_disabled_veteran": [
    false,
    false,
    false
   ],
   "is_surviving_child_of_disabled_veteran": [
    false,
    false,
    false
   ],
   "is_usda_disabled": [
    false,
    false,
    false
   ],
   "is_usda_elderly": [
    false,
    false,
    false
   ]
  },
  "sga_non_blind_2026": 1690.0
 },
 "force_is_ssi_disabled_m0": {
  "unit": {
   "snap": 138.799988,
   "is_snap_eligible": true,
   "meets_snap_gross_income_test": true,
   "meets_snap_categorical_eligibility": false,
   "has_usda_elderly_disabled": true,
   "snap_gross_income": 2954.563232
  },
  "person": {
   "age": [
    31.0,
    1.0,
    35.0
   ],
   "is_disabled": [
    true,
    false,
    true
   ],
   "meets_ssi_disability_criteria": [
    false,
    false,
    false
   ],
   "ssi_engaged_in_sga": [
    true,
    false,
    false
   ],
   "ssi_earned_income": [
    35454.7578,
    0.0,
    0.0
   ],
   "employment_income": [
    35454.7578,
    0.0,
    0.0
   ],
   "is_blind": [
    false,
    false,
    false
   ],
   "is_ssi_disabled": [
    true,
    false,
    false
   ],
   "social_security_disability": [
    0.0,
    0.0,
    0.0
   ],
   "is_permanently_disabled_veteran": [
    false,
    false,
    false
   ],
   "is_surviving_spouse_of_disabled_veteran": [
    false,
    false,
    false
   ],
   "is_surviving_child_of_disabled_veteran": [
    false,
    false,
    false
   ],
   "is_usda_disabled": [
    true,
    false,
    false
   ],
   "is_usda_elderly": [
    false,
    false,
    false
   ]
  },
  "sga_non_blind_2026": 1690.0
 },
 "force_meets_ssi_disability_criteria_m0": {
  "unit": {
   "snap": 0.0,
   "is_snap_eligible": false,
   "meets_snap_gross_income_test": false,
   "meets_snap_categorical_eligibility": false,
   "has_usda_elderly_disabled": false,
   "snap_gross_income": 2954.563232
  },
  "person": {
   "age": [
    31.0,
    1.0,
    35.0
   ],
   "is_disabled": [
    true,
    false,
    true
   ],
   "meets_ssi_disability_criteria": [
    true,
    false,
    false
   ],
   "ssi_engaged_in_sga": [
    true,
    false,
    false
   ],
   "ssi_earned_income": [
    35454.7578,
    0.0,
    0.0
   ],
   "employment_income": [
    35454.7578,
    0.0,
    0.0
   ],
   "is_blind": [
    false,
    false,
    false
   ],
   "is_ssi_disabled": [
    false,
    false,
    false
   ],
   "social_security_disability": [
    0.0,
    0.0,
    0.0
   ],
   "is_permanently_disabled_veteran": [
    false,
    false,
    false
   ],
   "is_surviving_spouse_of_disabled_veteran": [
    false,
    false,
    false
   ],
   "is_surviving_child_of_disabled_veteran": [
    false,
    false,
    false
   ],
   "is_usda_disabled": [
    false,
    false,
    false
   ],
   "is_usda_elderly": [
    false,
    false,
    false
   ]
  },
  "sga_non_blind_2026": 1690.0
 },
 "force_meets_ssi_disability_criteria_m0_m2": {
  "unit": {
   "snap": 138.799988,
   "is_snap_eligible": true,
   "meets_snap_gross_income_test": true,
   "meets_snap_categorical_eligibility": false,
   "has_usda_elderly_disabled": true,
   "snap_gross_income": 2954.563232
  },
  "person": {
   "age": [
    31.0,
    1.0,
    35.0
   ],
   "is_disabled": [
    true,
    false,
    true
   ],
   "meets_ssi_disability_criteria": [
    true,
    false,
    true
   ],
   "ssi_engaged_in_sga": [
    true,
    false,
    false
   ],
   "ssi_earned_income": [
    35454.7578,
    0.0,
    0.0
   ],
   "employment_income": [
    35454.7578,
    0.0,
    0.0
   ],
   "is_blind": [
    false,
    false,
    false
   ],
   "is_ssi_disabled": [
    false,
    false,
    true
   ],
   "social_security_disability": [
    0.0,
    0.0,
    0.0
   ],
   "is_permanently_disabled_veteran": [
    false,
    false,
    false
   ],
   "is_surviving_spouse_of_disabled_veteran": [
    false,
    false,
    false
   ],
   "is_surviving_child_of_disabled_veteran": [
    false,
    false,
    false
   ],
   "is_usda_disabled": [
    false,
    false,
    true
   ],
   "is_usda_elderly": [
    false,
    false,
    false
   ]
  },
  "sga_non_blind_2026": 1690.0
 },
 "force_has_usda_elderly_disabled_unit": {
  "unit": {
   "snap": 138.799988,
   "is_snap_eligible": true,
   "meets_snap_gross_income_test": true,
   "meets_snap_categorical_eligibility": false,
   "has_usda_elderly_disabled": true,
   "snap_gross_income": 2954.563232
  },
  "person": {
   "age": [
    31.0,
    1.0,
    35.0
   ],
   "is_disabled": [
    true,
    false,
    true
   ],
   "meets_ssi_disability_criteria": [
    false,
    false,
    false
   ],
   "ssi_engaged_in_sga": [
    true,
    false,
    false
   ],
   "ssi_earned_income": [
    35454.7578,
    0.0,
    0.0
   ],
   "employment_income": [
    35454.7578,
    0.0,
    0.0
   ],
   "is_blind": [
    false,
    false,
    false
   ],
   "is_ssi_disabled": [
    false,
    false,
    false
   ],
   "social_security_disability": [
    0.0,
    0.0,
    0.0
   ],
   "is_permanently_disabled_veteran": [
    false,
    false,
    false
   ],
   "is_surviving_spouse_of_disabled_veteran": [
    false,
    false,
    false
   ],
   "is_surviving_child_of_disabled_veteran": [
    false,
    false,
    false
   ],
   "is_usda_disabled": [
    false,
    false,
    false
   ],
   "is_usda_elderly": [
    false,
    false,
    false
   ]
  },
  "sga_non_blind_2026": 1690.0
 }
}
exit=0
