{
  "elapsed_seconds": 10.938,
  "full_contract": {
    "bytes": 110026,
    "path": "/Users/maxghenis/TheAxiomFoundation/axiom-oracles-cert/reference/us-tariff-schedule/preview-1311/declared-input-contract-full.json",
    "sha256": "16a216bc48803e89e0ad9452f2bdc1c4fc78a06c4eaa4a958b39958c84fe0f85"
  },
  "full_contract_sha256_before_partition": "16a216bc48803e89e0ad9452f2bdc1c4fc78a06c4eaa4a958b39958c84fe0f85",
  "partition_contract": {
    "bytes": 105234,
    "path": "/Users/maxghenis/TheAxiomFoundation/axiom-oracles-cert/reference/us-tariff-schedule/preview-1311/declared-input-contract-partition.json",
    "sha256": "699b00217825e68cd9ee9e9b881d810ba4bb9cd087aee6351293f46c7122126f"
  },
  "provenance": {
    "bytes": 19537,
    "path": "/Users/maxghenis/TheAxiomFoundation/axiom-oracles-cert/reference/us-tariff-schedule/preview-1311/provenance-receipt.json",
    "sha256": "4a2b408a4abec3fa173dc18571b9668f04199148645a7a4c6d7a46755e3e34d2"
  },
  "provenance_summary": {
    "chapter_count": 94,
    "chapters": [
      "01",
      "02",
      "03",
      "04",
      "05",
      "06",
      "07",
      "08",
      "09",
      "10",
      "11",
      "12",
      "13",
      "14",
      "15",
      "16",
      "17",
      "18",
      "19",
      "20",
      "21",
      "22",
      "23",
      "24",
      "25",
      "26",
      "28",
      "29",
      "30",
      "32",
      "33",
      "34",
      "35",
      "36",
      "37",
      "38",
      "39",
      "40",
      "41",
      "42",
      "43",
      "44",
      "45",
      "46",
      "47",
      "48",
      "49",
      "50",
      "51",
      "52",
      "53",
      "54",
      "55",
      "56",
      "57",
      "58",
      "59",
      "60",
      "61",
      "62",
      "63",
      "64",
      "65",
      "66",
      "67",
      "68",
      "69",
      "70",
      "71",
      "72",
      "73",
      "74",
      "75",
      "76",
      "78",
      "79",
      "80",
      "81",
      "82",
      "83",
      "84",
      "85",
      "86",
      "87",
      "88",
      "89",
      "90",
      "91",
      "92",
      "93",
      "94",
      "95",
      "96",
      "98"
    ],
    "omitted_chapters": [
      "27",
      "31",
      "97",
      "99a",
      "99b",
      "99c"
    ],
    "prior_endpoint_cases": 19085544,
    "prior_sequential_shard_seconds": 36874.038
  },
  "schema": "axiom_oracles.us_tariff_schedule.preview_1311_input_contract_execution.v1",
  "verdict": "PASS"
}
