/Users/maxghenis/TheAxiomFoundation/axiom-oracles-cert/reference/us-tariff-schedule/preview-1311/cache/eval/02/02525bfc8a0ee19a1fa30175e87354405496038c058028aa555d9e049240b891.jsonl.gz: OK
/Users/maxghenis/TheAxiomFoundation/axiom-oracles-cert/reference/us-tariff-schedule/preview-1311/cache/eval/02/0252a61f2fdc242ddfc99b4ec2881bd9aa8376e12038ba9a9686d9b63a63ad6e.jsonl.gz: OK
/Users/maxghenis/TheAxiomFoundation/axiom-oracles-cert/reference/us-tariff-schedule/preview-1311/cache/eval/02/027dd9c9d220e1a66d4a5f2cba43d0aaa504dbe81b27b59f73db8c1061ff4211.jsonl.gz: OK
/Users/maxghenis/TheAxiomFoundation/axiom-oracles-cert/reference/us-tariff-schedule/preview-1311/cache/eval/05/05be2e09aff06b236b003bd33e2b61b63b8fedd0eb162963127bfc2bed056121.jsonl.gz: OK
/Users/maxghenis/TheAxiomFoundation/axiom-oracles-cert/reference/us-tariff-schedule/preview-1311/cache/eval/06/0650190319e6864ced007f625c3a24070f0d2421d4585e2a0ce310db3d2d6801.jsonl.gz: OK
/Users/maxghenis/TheAxiomFoundation/axiom-oracles-cert/reference/us-tariff-schedule/preview-1311/cache/eval/06/06c5cd25d53abd78f4a870943ad11fcacfb3f3bfa99adcc4f66bc3bd94cf902b.jsonl.gz: OK
/Users/maxghenis/TheAxiomFoundation/axiom-oracles-cert/reference/us-tariff-schedule/preview-1311/cache/eval/0d/0df482acc8e3481b4067d97c84abf611e2bf13ea28c2605c416e359d0e76a616.jsonl.gz: OK
/Users/maxghenis/TheAxiomFoundation/axiom-oracles-cert/reference/us-tariff-schedule/preview-1311/cache/eval/0e/0eb22f30fb98ef5c9248e31c20ca1020bbf8b3fc25c01dce2bb647d812a0aede.jsonl.gz: OK
/Users/maxghenis/TheAxiomFoundation/axiom-oracles-cert/reference/us-tariff-schedule/preview-1311/cache/eval/11/112fe18445d1194b5ff24f584af88ed77791d42c556361d60df5b6907dcb3eff.jsonl.gz: OK
/Users/maxghenis/TheAxiomFoundation/axiom-oracles-cert/reference/us-tariff-schedule/preview-1311/cache/eval/18/1884992dbbffc53f5039b373e2fc7b80004e3a3c009cfb0f7186f52076469a9c.jsonl.gz: OK
/Users/maxghenis/TheAxiomFoundation/axiom-oracles-cert/reference/us-tariff-schedule/preview-1311/cache/eval/19/1972df650eea7113f443a9fa48a449bb52da7e54f37b8dc97718f2f8f0ecb37c.jsonl.gz: OK
/Users/maxghenis/TheAxiomFoundation/axiom-oracles-cert/reference/us-tariff-schedule/preview-1311/cache/eval/19/19f8c947c06b67b8ec1bc34abab352756ec997e51af7a759faf401e536f576eb.jsonl.gz: OK
/Users/maxghenis/TheAxiomFoundation/axiom-oracles-cert/reference/us-tariff-schedule/preview-1311/cache/eval/1d/1d426bd19d40031111821c115582803614fd552cd0013ffd28d576f16a7b6463.jsonl.gz: OK
/Users/maxghenis/TheAxiomFoundation/axiom-oracles-cert/reference/us-tariff-schedule/preview-1311/cache/eval/1e/1e324ff3744a88923bde79187d4a04f84f9014e6f1051094588e7f0db526fe89.jsonl.gz: OK
/Users/maxghenis/TheAxiomFoundation/axiom-oracles-cert/reference/us-tariff-schedule/preview-1311/cache/eval/1f/1fc483e440c35c5be851c4794d695f2afac95259ff24daa54a1b179f658e7f64.jsonl.gz: OK
/Users/maxghenis/TheAxiomFoundation/axiom-oracles-cert/reference/us-tariff-schedule/preview-1311/cache/eval/20/2087d8abe37b2cd28456f0300642db23d168f2382315d2f7ee930b454278a659.jsonl.gz: OK
/Users/maxghenis/TheAxiomFoundation/axiom-oracles-cert/reference/us-tariff-schedule/preview-1311/cache/eval/20/20fa55634518a4aa599a04dff33e937baad0ff1a352e515d2f59a80047652a60.jsonl.gz: OK
/Users/maxghenis/TheAxiomFoundation/axiom-oracles-cert/reference/us-tariff-schedule/preview-1311/cache/eval/21/216d493befc16c29018606fbedefcaee78caa76a1293a7418513991813245877.jsonl.gz: OK
/Users/maxghenis/TheAxiomFoundation/axiom-oracles-cert/reference/us-tariff-schedule/preview-1311/cache/eval/21/21886a57be1fcb050ae2c60ebe94fe7dd4517daa03fd2bb57630fb4919f8fe89.jsonl.gz: OK
/Users/maxghenis/TheAxiomFoundation/axiom-oracles-cert/reference/us-tariff-schedule/preview-1311/cache/eval/24/24b87ee8d4ca4f91270408b27eac1540dc7a4dddd73a47c0cb5fae8d35135451.jsonl.gz: OK
/Users/maxghenis/TheAxiomFoundation/axiom-oracles-cert/reference/us-tariff-schedule/preview-1311/cache/eval/24/24bcb211edd0ec774ebd9932df20c19aab89728da20af46e092a3369c9bd3f72.jsonl.gz: OK
/Users/maxghenis/TheAxiomFoundation/axiom-oracles-cert/reference/us-tariff-schedule/preview-1311/cache/eval/2a/2a57ac8dbd92992df28ef020a93516618402295ecbbcffcad2ed533eeddef617.jsonl.gz: OK
/Users/maxghenis/TheAxiomFoundation/axiom-oracles-cert/reference/us-tariff-schedule/preview-1311/cache/eval/2f/2fcd3d7c515a7e60f33d03dcf1dc893cde011d2213896c913d377172135e9c4a.jsonl.gz: OK
/Users/maxghenis/TheAxiomFoundation/axiom-oracles-cert/reference/us-tariff-schedule/preview-1311/cache/eval/30/30b9ff14535b649eabe595e1d9c441f69b17025333687d4d7946186e3ff79184.jsonl.gz: OK
/Users/maxghenis/TheAxiomFoundation/axiom-oracles-cert/reference/us-tariff-schedule/preview-1311/cache/eval/33/337356b97065ef5417105289dca931af120a2ffeef0f99dd672453e877b9dfd9.jsonl.gz: OK
/Users/maxghenis/TheAxiomFoundation/axiom-oracles-cert/reference/us-tariff-schedule/preview-1311/cache/eval/36/361472ab0681fc4bd6fe5c3f9e263d132fadc4d7532fd1667601103c534a0288.jsonl.gz: OK
/Users/maxghenis/TheAxiomFoundation/axiom-oracles-cert/reference/us-tariff-schedule/preview-1311/cache/eval/37/376766aacf3731f8d587561bcdd2d12b216763e902ce6c4dac28b30ae549548b.jsonl.gz: OK
/Users/maxghenis/TheAxiomFoundation/axiom-oracles-cert/reference/us-tariff-schedule/preview-1311/cache/eval/38/38bcb05781c89f35cf54228de7743082709a79dd31a1a5c7076bed371eb055db.jsonl.gz: OK
/Users/maxghenis/TheAxiomFoundation/axiom-oracles-cert/reference/us-tariff-schedule/preview-1311/cache/eval/3a/3a69638b5b9b072637a6dc86f232c9c9b0ddfb1cceb07f33fba79afda785f1a9.jsonl.gz: OK
/Users/maxghenis/TheAxiomFoundation/axiom-oracles-cert/reference/us-tariff-schedule/preview-1311/cache/eval/3c/3c6154a7a8dc1fade44447662e89071028682560b1eb6caa5653f34bf47691dc.jsonl.gz: OK
/Users/maxghenis/TheAxiomFoundation/axiom-oracles-cert/reference/us-tariff-schedule/preview-1311/cache/eval/3f/3f2468fcef877d3f5a189ca1605fc425beaa4bd7754ed4383b25ffa14541487e.jsonl.gz: OK
/Users/maxghenis/TheAxiomFoundation/axiom-oracles-cert/reference/us-tariff-schedule/preview-1311/cache/eval/41/41a494150948f4da1aebf291d5d3b5e0112cd524a9c1756b32dc0ce81b4595de.jsonl.gz: OK
/Users/maxghenis/TheAxiomFoundation/axiom-oracles-cert/reference/us-tariff-schedule/preview-1311/cache/eval/44/442bec29717f2e307b6437a4e9fc868aee90c4ee351742e628f926021badb986.jsonl.gz: OK
/Users/maxghenis/TheAxiomFoundation/axiom-oracles-cert/reference/us-tariff-schedule/preview-1311/cache/eval/4a/4ad10c0d5fe428e781c4c01ce92cefdcdf279df0bf350e5d580ee1556d9b3dde.jsonl.gz: OK
/Users/maxghenis/TheAxiomFoundation/axiom-oracles-cert/reference/us-tariff-schedule/preview-1311/cache/eval/50/50da334619e122d781ed7c99f8696c9c39b2ea5fa79c19bc4d763de25e4a071c.jsonl.gz: OK
/Users/maxghenis/TheAxiomFoundation/axiom-oracles-cert/reference/us-tariff-schedule/preview-1311/cache/eval/51/51e437f3da1d098bc9a1d60962e9a0a3cccb49ad9a81ddbe91156aec49345793.jsonl.gz: OK
/Users/maxghenis/TheAxiomFoundation/axiom-oracles-cert/reference/us-tariff-schedule/preview-1311/cache/eval/52/52d51509accb9bbe754eef061f92fde809ae44899d8786c4e2e9d07d3deec746.jsonl.gz: OK
/Users/maxghenis/TheAxiomFoundation/axiom-oracles-cert/reference/us-tariff-schedule/preview-1311/cache/eval/56/5626de4d23fecd6e7a082bae786a306ffbc9239e18ea0a2419b01da095abdfc5.jsonl.gz: OK
/Users/maxghenis/TheAxiomFoundation/axiom-oracles-cert/reference/us-tariff-schedule/preview-1311/cache/eval/5d/5d551595b15bed17671c72ecf7573ae1f3eb19919900ba4c9b887c6f82cbdd9e.jsonl.gz: OK
/Users/maxghenis/TheAxiomFoundation/axiom-oracles-cert/reference/us-tariff-schedule/preview-1311/cache/eval/5f/5f9277828756783e4dcb3c16fdf6ee93fbe9d95bb293e8f0720609cef757539c.jsonl.gz: OK
/Users/maxghenis/TheAxiomFoundation/axiom-oracles-cert/reference/us-tariff-schedule/preview-1311/cache/eval/61/61067a1cfeb7bdc0d7ed19eda07b171ff3c82424b3a551d88ecf9a08cf16d78a.jsonl.gz: OK
/Users/maxghenis/TheAxiomFoundation/axiom-oracles-cert/reference/us-tariff-schedule/preview-1311/cache/eval/61/61a1e6b2ac89dbf44e771aa89b24204141c7c3831a358165c01b4411ab1fc60a.jsonl.gz: OK
/Users/maxghenis/TheAxiomFoundation/axiom-oracles-cert/reference/us-tariff-schedule/preview-1311/cache/eval/62/623d790c8183254f883ba75f80a770959049052f2934665864e7376a79c9e3b7.jsonl.gz: OK
/Users/maxghenis/TheAxiomFoundation/axiom-oracles-cert/reference/us-tariff-schedule/preview-1311/cache/eval/65/65684fb3cac2b2339e70923619d92ce883c1472ec640462f382b5dd513ef1296.jsonl.gz: OK
/Users/maxghenis/TheAxiomFoundation/axiom-oracles-cert/reference/us-tariff-schedule/preview-1311/cache/eval/6b/6b3326832b9fea7651960d2229e0d674f9e23c36553e2ee5121ca76d778f1f9c.jsonl.gz: OK
/Users/maxghenis/TheAxiomFoundation/axiom-oracles-cert/reference/us-tariff-schedule/preview-1311/cache/eval/6b/6bafed9c322ccfa3d73b11554c079ae2db1015c4b93592586b08eeed5b222af1.jsonl.gz: OK
/Users/maxghenis/TheAxiomFoundation/axiom-oracles-cert/reference/us-tariff-schedule/preview-1311/cache/eval/77/7752666b365fb5b5f32c93ec5952303c02f07ea3315a6d6ca507dcca68b5c787.jsonl.gz: OK
/Users/maxghenis/TheAxiomFoundation/axiom-oracles-cert/reference/us-tariff-schedule/preview-1311/cache/eval/77/777a5d3df36ac21f8fb08fdb2e73c07c26cb4422f739e796a2d6fa55905fc967.jsonl.gz: OK
/Users/maxghenis/TheAxiomFoundation/axiom-oracles-cert/reference/us-tariff-schedule/preview-1311/cache/eval/79/7940e6eca200b99649a15fc0b6aaa8399a28d6b74e7bcfc2fdd557a69794b1c4.jsonl.gz: OK
/Users/maxghenis/TheAxiomFoundation/axiom-oracles-cert/reference/us-tariff-schedule/preview-1311/cache/eval/7d/7d725c86e45f6c9345f534c529bb6d7d1a2ab63d0a9b777d99d42c3fd1fa6381.jsonl.gz: OK
/Users/maxghenis/TheAxiomFoundation/axiom-oracles-cert/reference/us-tariff-schedule/preview-1311/cache/eval/7e/7ef861793bfaf256869083b099686d5e1980875629197db80c718121d6abdafc.jsonl.gz: OK
/Users/maxghenis/TheAxiomFoundation/axiom-oracles-cert/reference/us-tariff-schedule/preview-1311/cache/eval/80/809a4575b03fdb149e29daf9c8b8c0b058eefc3f0d968f9a3c842e786cb51eca.jsonl.gz: OK
/Users/maxghenis/TheAxiomFoundation/axiom-oracles-cert/reference/us-tariff-schedule/preview-1311/cache/eval/82/82773ac7b52e07cc9edbd814b2a41c3a5b39378380a915f74943993595565104.jsonl.gz: OK
/Users/maxghenis/TheAxiomFoundation/axiom-oracles-cert/reference/us-tariff-schedule/preview-1311/cache/eval/88/881112f85da67b43d93a1f3b84bfbae7b47d54664da1e6adcb10f710446696ac.jsonl.gz: OK
/Users/maxghenis/TheAxiomFoundation/axiom-oracles-cert/reference/us-tariff-schedule/preview-1311/cache/eval/88/88b1081885b799a0426559fc871281e20a1fff5bf8101cea87dcf51106ac69e9.jsonl.gz: OK
/Users/maxghenis/TheAxiomFoundation/axiom-oracles-cert/reference/us-tariff-schedule/preview-1311/cache/eval/89/89fb44ea6561b2ae55913330bad51f142f62a8bdd1ee6f24284b1e0cfe11fe26.jsonl.gz: OK
/Users/maxghenis/TheAxiomFoundation/axiom-oracles-cert/reference/us-tariff-schedule/preview-1311/cache/eval/8b/8b05a8453831ac6f19d496b8ff022555c3564a7b48f9a358a897499877e13dcd.jsonl.gz: OK
/Users/maxghenis/TheAxiomFoundation/axiom-oracles-cert/reference/us-tariff-schedule/preview-1311/cache/eval/8f/8faa10623380bb5f622c6f793954d6fde845706aed665e5340286d0b68ac9c48.jsonl.gz: OK
/Users/maxghenis/TheAxiomFoundation/axiom-oracles-cert/reference/us-tariff-schedule/preview-1311/cache/eval/92/927aaa5000613865eea9b5035a7218ed038fab836dec1cbcc333e8f7a952d31f.jsonl.gz: OK
/Users/maxghenis/TheAxiomFoundation/axiom-oracles-cert/reference/us-tariff-schedule/preview-1311/cache/eval/94/949431ee8b12c93e3c121bb2c4048514ae87db7c1e39c09ee211e154e23c01f7.jsonl.gz: OK
/Users/maxghenis/TheAxiomFoundation/axiom-oracles-cert/reference/us-tariff-schedule/preview-1311/cache/eval/97/9715c39ce43f3d13f091e31d79e64b1740614bdbeec7371d9a59b7b5c03dfc45.jsonl.gz: OK
/Users/maxghenis/TheAxiomFoundation/axiom-oracles-cert/reference/us-tariff-schedule/preview-1311/cache/eval/98/98bab6183c71873f95541cb7ac98db6434d619ac61452126dd8f7fac0cb922e0.jsonl.gz: OK
/Users/maxghenis/TheAxiomFoundation/axiom-oracles-cert/reference/us-tariff-schedule/preview-1311/cache/eval/9a/9ab49cb6955f2c84290b08951a99df6f771562c26c6560fb16cd6a1280826469.jsonl.gz: OK
/Users/maxghenis/TheAxiomFoundation/axiom-oracles-cert/reference/us-tariff-schedule/preview-1311/cache/eval/9a/9abc607e5ffb73d02407aebf8318c90878179cc35acebe3c403c3a5657e007f1.jsonl.gz: OK
/Users/maxghenis/TheAxiomFoundation/axiom-oracles-cert/reference/us-tariff-schedule/preview-1311/cache/eval/9d/9d6e68d7fc416081f5eed21660fb6921138059a07f63fa6763d0d15fb33330bb.jsonl.gz: OK
/Users/maxghenis/TheAxiomFoundation/axiom-oracles-cert/reference/us-tariff-schedule/preview-1311/cache/eval/a0/a0145236c3789f593252da438ee06ff1830f8a231c7ce304f610e21bd3584a8d.jsonl.gz: OK
/Users/maxghenis/TheAxiomFoundation/axiom-oracles-cert/reference/us-tariff-schedule/preview-1311/cache/eval/ac/ac499aaa77f0b47dc841f4d441ef2a103fd178cebc6a517e5e3e8cf7a376f71f.jsonl.gz: OK
/Users/maxghenis/TheAxiomFoundation/axiom-oracles-cert/reference/us-tariff-schedule/preview-1311/cache/eval/ac/ac5303f0e2f4d7b5f8ee9d6c0200a566d0ca9f0df686e95fab690f698ba3eb32.jsonl.gz: OK
/Users/maxghenis/TheAxiomFoundation/axiom-oracles-cert/reference/us-tariff-schedule/preview-1311/cache/eval/b0/b0118e7aa3e0ea933ef03ed0f452c0278cf56621b899e6b05d70a07e6641474a.jsonl.gz: OK
/Users/maxghenis/TheAxiomFoundation/axiom-oracles-cert/reference/us-tariff-schedule/preview-1311/cache/eval/b1/b193d970d6d0b8e748c66bf05bded21f03d63b62b062d576c295ac898331d49d.jsonl.gz: OK
/Users/maxghenis/TheAxiomFoundation/axiom-oracles-cert/reference/us-tariff-schedule/preview-1311/cache/eval/b2/b23a385a9354c66f6d06c1b9227e5113138bbc78ffda11b7f38f45192fe9d462.jsonl.gz: OK
/Users/maxghenis/TheAxiomFoundation/axiom-oracles-cert/reference/us-tariff-schedule/preview-1311/cache/eval/b3/b3102936d8aec74f1d302dffef075ec4593cb2f4b46d9dc9b57a004f907613f4.jsonl.gz: OK
/Users/maxghenis/TheAxiomFoundation/axiom-oracles-cert/reference/us-tariff-schedule/preview-1311/cache/eval/b4/b4a49c8dd508c327bed7405b3364606d6297889e1d320191aa3e8ff9386f9665.jsonl.gz: OK
/Users/maxghenis/TheAxiomFoundation/axiom-oracles-cert/reference/us-tariff-schedule/preview-1311/cache/eval/b5/b50831fee5e3546ef6c8f6d6e5188511a7c56d121d8b666df543a7c495a10832.jsonl.gz: OK
/Users/maxghenis/TheAxiomFoundation/axiom-oracles-cert/reference/us-tariff-schedule/preview-1311/cache/eval/b7/b7c0f9bbfccba01e579fbc04af26baa11e6db5872fd47bfdd05b8fde3ad75c18.jsonl.gz: OK
/Users/maxghenis/TheAxiomFoundation/axiom-oracles-cert/reference/us-tariff-schedule/preview-1311/cache/eval/bc/bc137150252ac1f69975faa875c1c96fc9b15eeb1aa917e34f3774cd992767d4.jsonl.gz: OK
/Users/maxghenis/TheAxiomFoundation/axiom-oracles-cert/reference/us-tariff-schedule/preview-1311/cache/eval/bd/bd8737dca5d462293872b0a80f01b780d499e37031e37ef31878d9b771f264ca.jsonl.gz: OK
/Users/maxghenis/TheAxiomFoundation/axiom-oracles-cert/reference/us-tariff-schedule/preview-1311/cache/eval/bd/bde5c59215fece9437016930511b609d92217e75eb7517f172205025fc0a6f79.jsonl.gz: OK
/Users/maxghenis/TheAxiomFoundation/axiom-oracles-cert/reference/us-tariff-schedule/preview-1311/cache/eval/c3/c3d080de570433bb00a6071b86e89d44da373c7fb7dddeab1ffe9fadfb15ce33.jsonl.gz: OK
/Users/maxghenis/TheAxiomFoundation/axiom-oracles-cert/reference/us-tariff-schedule/preview-1311/cache/eval/ca/ca3171f77c271ccd11ff22d34e1e820a274cb2f9d6c3e14ef9c3bf8f22965ff5.jsonl.gz: OK
/Users/maxghenis/TheAxiomFoundation/axiom-oracles-cert/reference/us-tariff-schedule/preview-1311/cache/eval/ce/ce06491649fc3ca88bd5a54c67fabaf65395cc10b610550a1bd096e1441159c9.jsonl.gz: OK
/Users/maxghenis/TheAxiomFoundation/axiom-oracles-cert/reference/us-tariff-schedule/preview-1311/cache/eval/ce/cea36692b3ae8277951935c77ff014c07178f44d184538d48839aa98640b9361.jsonl.gz: OK
/Users/maxghenis/TheAxiomFoundation/axiom-oracles-cert/reference/us-tariff-schedule/preview-1311/cache/eval/d0/d08c7650d07bd63eda2e905140d5df90bb5801e448e296f58b39ff11ebab737c.jsonl.gz: OK
/Users/maxghenis/TheAxiomFoundation/axiom-oracles-cert/reference/us-tariff-schedule/preview-1311/cache/eval/d5/d53484959ae666fa33024160557b1684be079e3f9a531cbc7118b8ae5add8111.jsonl.gz: OK
/Users/maxghenis/TheAxiomFoundation/axiom-oracles-cert/reference/us-tariff-schedule/preview-1311/cache/eval/d7/d7827cb0005173cd882639323047155670449b3bfd317ad2f63e05a8a6f97527.jsonl.gz: OK
/Users/maxghenis/TheAxiomFoundation/axiom-oracles-cert/reference/us-tariff-schedule/preview-1311/cache/eval/e1/e1070b128f9313e2442f0409122e3fcf9c433f293f0460aeca9e29d8cfea1d12.jsonl.gz: OK
/Users/maxghenis/TheAxiomFoundation/axiom-oracles-cert/reference/us-tariff-schedule/preview-1311/cache/eval/e6/e6e3527eb21cc87eae563afd6adb9f51c8d4e2e7f5df0d9689e8d9e13e65e689.jsonl.gz: OK
/Users/maxghenis/TheAxiomFoundation/axiom-oracles-cert/reference/us-tariff-schedule/preview-1311/cache/eval/e8/e89b63c6c098454ab72446762930c850fa4bb91d7bfe34b11595bc5683416082.jsonl.gz: OK
/Users/maxghenis/TheAxiomFoundation/axiom-oracles-cert/reference/us-tariff-schedule/preview-1311/cache/eval/ec/ecc24d8dfb31a160114375e18b3c1c7075f8adab759c7274199f7efeab182d4f.jsonl.gz: OK
/Users/maxghenis/TheAxiomFoundation/axiom-oracles-cert/reference/us-tariff-schedule/preview-1311/cache/eval/ec/ecefc3d025bf9f415eb3c7104d7f91b386f935687d61bf9f87457e87cc0146b5.jsonl.gz: OK
/Users/maxghenis/TheAxiomFoundation/axiom-oracles-cert/reference/us-tariff-schedule/preview-1311/cache/eval/f5/f59c89b08ceb9a537bf03baf8d4608e32f4ddf6ec9649c2c9b62f5925debba66.jsonl.gz: OK
/Users/maxghenis/TheAxiomFoundation/axiom-oracles-cert/reference/us-tariff-schedule/preview-1311/cache/eval/f7/f79f87c52ba5f357d842ac4f77fe4b9693099c6a85dd5a0af4433d371a61a1d0.jsonl.gz: OK
/Users/maxghenis/TheAxiomFoundation/axiom-oracles-cert/reference/us-tariff-schedule/preview-1311/cache/eval/f8/f82a3c838eb8a385c359600b63a6596e21338231c166ef7532b54b7ee06ddf7d.jsonl.gz: OK
/Users/maxghenis/TheAxiomFoundation/axiom-oracles-cert/reference/us-tariff-schedule/preview-1311/cache/eval/fe/fef8f470336f43d56509513b3fd99811c3fccfd7aa1f8ebbc6d52ee6dbd9c9ed.jsonl.gz: OK
