nice: setpriority: Operation not permitted
{
  "artifacts": {
    "input_contract": {
      "bytes": 105234,
      "path": "/Users/maxghenis/TheAxiomFoundation/axiom-oracles-cert/reference/us-tariff-schedule/preview-1311/declared-input-contract-partition.json",
      "sha256": "699b00217825e68cd9ee9e9b881d810ba4bb9cd087aee6351293f46c7122126f"
    },
    "manifest": {
      "bytes": 51987,
      "path": "/Users/maxghenis/TheAxiomFoundation/axiom-oracles-cert/reference/us-tariff-schedule/preview-1311/eval/MANIFEST.json",
      "sha256": "74fc9e5085ac379054e456eb457cdc51032d9cb68542497c080c5fc9c5907b1a"
    },
    "mismatch_cells": {
      "bytes": 10088070,
      "path": "/Users/maxghenis/TheAxiomFoundation/axiom-oracles-cert/reference/us-tariff-schedule/preview-1311/target-mismatch-cells.jsonl.gz",
      "sha256": "d5b53173afe489686aff86a4d1d776bf821cb97945e9ebacd5ba6bc912a8b705"
    },
    "provenance": {
      "bytes": 19537,
      "path": "/Users/maxghenis/TheAxiomFoundation/axiom-oracles-cert/reference/us-tariff-schedule/preview-1311/provenance-receipt.json",
      "sha256": "4a2b408a4abec3fa173dc18571b9668f04199148645a7a4c6d7a46755e3e34d2"
    },
    "static_footprint": {
      "bytes": 35083,
      "path": "/Users/maxghenis/TheAxiomFoundation/axiom-oracles-cert/reference/us-tariff-schedule/preview-1311/static-footprint-census-receipt.json",
      "sha256": "ec97976d84b49ebc9220cc53d8f72449be2f02e3a4d63979370ff39a987ecc0a"
    }
  },
  "baseline_committed": {
    "fed-false-family-brazil": 93198,
    "fed-false-family-forced-labor": 1499038
  },
  "baseline_reconstructed": {
    "fed-false-family-brazil": 93198,
    "fed-false-family-forced-labor": 1499038
  },
  "cafta_52i_residual": {
    "by_chapter": [
      {
        "chapter": "42",
        "slot": "forced_labor_section_301",
        "units": 356
      },
      {
        "chapter": "50",
        "slot": "forced_labor_section_301",
        "units": 16
      },
      {
        "chapter": "51",
        "slot": "forced_labor_section_301",
        "units": 328
      },
      {
        "chapter": "52",
        "slot": "forced_labor_section_301",
        "units": 2220
      },
      {
        "chapter": "53",
        "slot": "forced_labor_section_301",
        "units": 276
      },
      {
        "chapter": "54",
        "slot": "forced_labor_section_301",
        "units": 1136
      },
      {
        "chapter": "55",
        "slot": "forced_labor_section_301",
        "units": 1796
      },
      {
        "chapter": "56",
        "slot": "forced_labor_section_301",
        "units": 356
      },
      {
        "chapter": "57",
        "slot": "forced_labor_section_301",
        "units": 344
      },
      {
        "chapter": "58",
        "slot": "forced_labor_section_301",
        "units": 464
      },
      {
        "chapter": "59",
        "slot": "forced_labor_section_301",
        "units": 336
      },
      {
        "chapter": "60",
        "slot": "forced_labor_section_301",
        "units": 492
      },
      {
        "chapter": "61",
        "slot": "forced_labor_section_301",
        "units": 3028
      },
      {
        "chapter": "62",
        "slot": "forced_labor_section_301",
        "units": 4756
      },
      {
        "chapter": "63",
        "slot": "forced_labor_section_301",
        "units": 1000
      },
      {
        "chapter": "65",
        "slot": "forced_labor_section_301",
        "units": 156
      },
      {
        "chapter": "70",
        "slot": "forced_labor_section_301",
        "units": 252
      },
      {
        "chapter": "94",
        "slot": "forced_labor_section_301",
        "units": 92
      }
    ],
    "by_delta": [
      {
        "delta": "0.10000000000000001",
        "slot": "forced_labor_section_301",
        "units": 380
      },
      {
        "delta": "0.125",
        "slot": "forced_labor_section_301",
        "units": 17024
      }
    ],
    "by_interval": [
      {
        "interval_from": "2026-07-24",
        "interval_until": "2026-07-30",
        "slot": "forced_labor_section_301",
        "units": 8702
      },
      {
        "interval_from": "2026-07-31",
        "interval_until": "2026-08-01",
        "slot": "forced_labor_section_301",
        "units": 8702
      }
    ],
    "country_heuristic_units": 30880,
    "exact_equals_country_heuristic": false,
    "exact_rule": "new positive forced-labor mismatch joined by HTS8 to Yale condition=fta, origin in CR/DO/SV/GT/HN/NI, Yale expected zero, C6 declared flag true, and endpoint on or after 2026-07-24",
    "panel_exercise_units": 17404,
    "panel_interval_rows": 8702,
    "panel_per_origin": {
      "CR": 1260,
      "DO": 128,
      "GT": 108,
      "HN": 120,
      "NI": 15636,
      "SV": 152
    },
    "per_origin": {
      "CR": 1260,
      "DO": 128,
      "GT": 108,
      "HN": 120,
      "NI": 15636,
      "SV": 152
    },
    "source": {
      "bytes": 140808,
      "condition": "fta",
      "country_code_group": "2050;2110;2150;2190;2230;2470",
      "iso2_origins": [
        "CR",
        "DO",
        "GT",
        "HN",
        "NI",
        "SV"
      ],
      "path": "/Users/maxghenis/TheAxiomFoundation/_tariff-yale/resources/s301fl_final_country_exemptions.csv",
      "sha256": "a38f8e42e9615b58dc09fd8a661b4a0fdb9d12e2121342a657fae69450215280",
      "source_rows": 1737,
      "unique_hts8": 1737,
      "yale_commit": "c4307e514196618afcbf88cf7fd33746417eeabf"
    },
    "units": 17404
  },
  "current_target_mismatch_classes": {
    "__unexplained__": 395262,
    "fed-false-family-forced-labor": 68
  },
  "engine_errors": 0,
  "mismatch_cell_rows": 395330,
  "new_disagreements": {
    "by_slot_chapter": [
      {
        "chapter": "04",
        "slot": "brazil_section_301",
        "units": 30
      },
      {
        "chapter": "29",
        "slot": "brazil_section_301",
        "units": 82
      },
      {
        "chapter": "30",
        "slot": "brazil_section_301",
        "units": 2
      },
      {
        "chapter": "37",
        "slot": "brazil_section_301",
        "units": 6
      },
      {
        "chapter": "40",
        "slot": "brazil_section_301",
        "units": 102
      },
      {
        "chapter": "44",
        "slot": "brazil_section_301",
        "units": 654
      },
      {
        "chapter": "70",
        "slot": "brazil_section_301",
        "units": 12
      },
      {
        "chapter": "72",
        "slot": "brazil_section_301",
        "units": 3030
      },
      {
        "chapter": "73",
        "slot": "brazil_section_301",
        "units": 2514
      },
      {
        "chapter": "74",
        "slot": "brazil_section_301",
        "units": 672
      },
      {
        "chapter": "76",
        "slot": "brazil_section_301",
        "units": 630
      },
      {
        "chapter": "82",
        "slot": "brazil_section_301",
        "units": 378
      },
      {
        "chapter": "83",
        "slot": "brazil_section_301",
        "units": 180
      },
      {
        "chapter": "84",
        "slot": "brazil_section_301",
        "units": 2556
      },
      {
        "chapter": "85",
        "slot": "brazil_section_301",
        "units": 960
      },
      {
        "chapter": "86",
        "slot": "brazil_section_301",
        "units": 138
      },
      {
        "chapter": "87",
        "slot": "brazil_section_301",
        "units": 1974
      },
      {
        "chapter": "90",
        "slot": "brazil_section_301",
        "units": 24
      },
      {
        "chapter": "94",
        "slot": "brazil_section_301",
        "units": 180
      },
      {
        "chapter": "98",
        "slot": "brazil_section_301",
        "units": 6
      },
      {
        "chapter": "29",
        "slot": "forced_labor_section_301",
        "units": 1000
      },
      {
        "chapter": "30",
        "slot": "forced_labor_section_301",
        "units": 58
      },
      {
        "chapter": "37",
        "slot": "forced_labor_section_301",
        "units": 72
      },
      {
        "chapter": "40",
        "slot": "forced_labor_section_301",
        "units": 1792
      },
      {
        "chapter": "42",
        "slot": "forced_labor_section_301",
        "units": 356
      },
      {
        "chapter": "44",
        "slot": "forced_labor_section_301",
        "units": 7912
      },
      {
        "chapter": "50",
        "slot": "forced_labor_section_301",
        "units": 16
      },
      {
        "chapter": "51",
        "slot": "forced_labor_section_301",
        "units": 328
      },
      {
        "chapter": "52",
        "slot": "forced_labor_section_301",
        "units": 2220
      },
      {
        "chapter": "53",
        "slot": "forced_labor_section_301",
        "units": 276
      },
      {
        "chapter": "54",
        "slot": "forced_labor_section_301",
        "units": 1136
      },
      {
        "chapter": "55",
        "slot": "forced_labor_section_301",
        "units": 1796
      },
      {
        "chapter": "56",
        "slot": "forced_labor_section_301",
        "units": 356
      },
      {
        "chapter": "57",
        "slot": "forced_labor_section_301",
        "units": 344
      },
      {
        "chapter": "58",
        "slot": "forced_labor_section_301",
        "units": 464
      },
      {
        "chapter": "59",
        "slot": "forced_labor_section_301",
        "units": 336
      },
      {
        "chapter": "60",
        "slot": "forced_labor_section_301",
        "units": 492
      },
      {
        "chapter": "61",
        "slot": "forced_labor_section_301",
        "units": 3028
      },
      {
        "chapter": "62",
        "slot": "forced_labor_section_301",
        "units": 4756
      },
      {
        "chapter": "63",
        "slot": "forced_labor_section_301",
        "units": 1000
      },
      {
        "chapter": "65",
        "slot": "forced_labor_section_301",
        "units": 156
      },
      {
        "chapter": "70",
        "slot": "forced_labor_section_301",
        "units": 472
      },
      {
        "chapter": "72",
        "slot": "forced_labor_section_301",
        "units": 34496
      },
      {
        "chapter": "73",
        "slot": "forced_labor_section_301",
        "units": 39384
      },
      {
        "chapter": "74",
        "slot": "forced_labor_section_301",
        "units": 7736
      },
      {
        "chapter": "76",
        "slot": "forced_labor_section_301",
        "units": 7844
      },
      {
        "chapter": "82",
        "slot": "forced_labor_section_301",
        "units": 3164
      },
      {
        "chapter": "83",
        "slot": "forced_labor_section_301",
        "units": 2852
      },
      {
        "chapter": "84",
        "slot": "forced_labor_section_301",
        "units": 58280
      },
      {
        "chapter": "85",
        "slot": "forced_labor_section_301",
        "units": 19256
      },
      {
        "chapter": "86",
        "slot": "forced_labor_section_301",
        "units": 1596
      },
      {
        "chapter": "87",
        "slot": "forced_labor_section_301",
        "units": 25224
      },
      {
        "chapter": "90",
        "slot": "forced_labor_section_301",
        "units": 736
      },
      {
        "chapter": "94",
        "slot": "forced_labor_section_301",
        "units": 2368
      },
      {
        "chapter": "98",
        "slot": "forced_labor_section_301",
        "units": 1508
      }
    ],
    "by_slot_delta": [
      {
        "delta": "0.25",
        "slot": "brazil_section_301",
        "units": 14130
      },
      {
        "delta": "0.001",
        "slot": "forced_labor_section_301",
        "units": 16
      },
      {
        "delta": "0.01",
        "slot": "forced_labor_section_301",
        "units": 100
      },
      {
        "delta": "0.014",
        "slot": "forced_labor_section_301",
        "units": 12
      },
      {
        "delta": "0.014999999999999999",
        "slot": "forced_labor_section_301",
        "units": 52
      },
      {
        "delta": "0.017999999999999999",
        "slot": "forced_labor_section_301",
        "units": 8
      },
      {
        "delta": "0.021999999999999999",
        "slot": "forced_labor_section_301",
        "units": 4
      },
      {
        "delta": "0.025999999999999999",
        "slot": "forced_labor_section_301",
        "units": 8
      },
      {
        "delta": "0.032000000000000001",
        "slot": "forced_labor_section_301",
        "units": 4
      },
      {
        "delta": "0.033000000000000002",
        "slot": "forced_labor_section_301",
        "units": 4
      },
      {
        "delta": "0.034000000000000002",
        "slot": "forced_labor_section_301",
        "units": 16
      },
      {
        "delta": "0.035000000000000003",
        "slot": "forced_labor_section_301",
        "units": 236
      },
      {
        "delta": "0.037999999999999999",
        "slot": "forced_labor_section_301",
        "units": 100
      },
      {
        "delta": "0.039",
        "slot": "forced_labor_section_301",
        "units": 12
      },
      {
        "delta": "0.040000000000000001",
        "slot": "forced_labor_section_301",
        "units": 44
      },
      {
        "delta": "0.042000000000000003",
        "slot": "forced_labor_section_301",
        "units": 176
      },
      {
        "delta": "0.042999999999999997",
        "slot": "forced_labor_section_301",
        "units": 228
      },
      {
        "delta": "0.043999999999999997",
        "slot": "forced_labor_section_301",
        "units": 36
      },
      {
        "delta": "0.044999999999999998",
        "slot": "forced_labor_section_301",
        "units": 40
      },
      {
        "delta": "0.047",
        "slot": "forced_labor_section_301",
        "units": 76
      },
      {
        "delta": "0.050000000000000003",
        "slot": "forced_labor_section_301",
        "units": 52
      },
      {
        "delta": "0.050999999999999997",
        "slot": "forced_labor_section_301",
        "units": 36
      },
      {
        "delta": "0.053999999999999999",
        "slot": "forced_labor_section_301",
        "units": 28
      },
      {
        "delta": "0.055",
        "slot": "forced_labor_section_301",
        "units": 308
      },
      {
        "delta": "0.056000000000000001",
        "slot": "forced_labor_section_301",
        "units": 36
      },
      {
        "delta": "0.057000000000000002",
        "slot": "forced_labor_section_301",
        "units": 40
      },
      {
        "delta": "0.058000000000000003",
        "slot": "forced_labor_section_301",
        "units": 944
      },
      {
        "delta": "0.058999999999999997",
        "slot": "forced_labor_section_301",
        "units": 20
      },
      {
        "delta": "0.059999999999999998",
        "slot": "forced_labor_section_301",
        "units": 488
      },
      {
        "delta": "0.060999999999999999",
        "slot": "forced_labor_section_301",
        "units": 360
      },
      {
        "delta": "0.062",
        "slot": "forced_labor_section_301",
        "units": 36
      },
      {
        "delta": "0.063",
        "slot": "forced_labor_section_301",
        "units": 492
      },
      {
        "delta": "0.064000000000000001",
        "slot": "forced_labor_section_301",
        "units": 24
      },
      {
        "delta": "0.065000000000000002",
        "slot": "forced_labor_section_301",
        "units": 100
      },
      {
        "delta": "0.066000000000000003",
        "slot": "forced_labor_section_301",
        "units": 84
      },
      {
        "delta": "0.067000000000000004",
        "slot": "forced_labor_section_301",
        "units": 340
      },
      {
        "delta": "0.068000000000000005",
        "slot": "forced_labor_section_301",
        "units": 276
      },
      {
        "delta": "0.069000000000000006",
        "slot": "forced_labor_section_301",
        "units": 2628
      },
      {
        "delta": "0.070000000000000007",
        "slot": "forced_labor_section_301",
        "units": 692
      },
      {
        "delta": "0.070999999999999994",
        "slot": "forced_labor_section_301",
        "units": 248
      },
      {
        "delta": "0.071999999999999995",
        "slot": "forced_labor_section_301",
        "units": 552
      },
      {
        "delta": "0.072999999999999995",
        "slot": "forced_labor_section_301",
        "units": 164
      },
      {
        "delta": "0.073999999999999996",
        "slot": "forced_labor_section_301",
        "units": 100
      },
      {
        "delta": "0.074999999999999997",
        "slot": "forced_labor_section_301",
        "units": 2880
      },
      {
        "delta": "0.075999999999999998",
        "slot": "forced_labor_section_301",
        "units": 136
      },
      {
        "delta": "0.076999999999999999",
        "slot": "forced_labor_section_301",
        "units": 40
      },
      {
        "delta": "0.078",
        "slot": "forced_labor_section_301",
        "units": 1268
      },
      {
        "delta": "0.079000000000000001",
        "slot": "forced_labor_section_301",
        "units": 16
      },
      {
        "delta": "0.080000000000000002",
        "slot": "forced_labor_section_301",
        "units": 368
      },
      {
        "delta": "0.081000000000000003",
        "slot": "forced_labor_section_301",
        "units": 88
      },
      {
        "delta": "0.082000000000000003",
        "slot": "forced_labor_section_301",
        "units": 136
      },
      {
        "delta": "0.083000000000000004",
        "slot": "forced_labor_section_301",
        "units": 160
      },
      {
        "delta": "0.084000000000000005",
        "slot": "forced_labor_section_301",
        "units": 500
      },
      {
        "delta": "0.085000000000000006",
        "slot": "forced_labor_section_301",
        "units": 324
      },
      {
        "delta": "0.085999999999999993",
        "slot": "forced_labor_section_301",
        "units": 984
      },
      {
        "delta": "0.086999999999999994",
        "slot": "forced_labor_section_301",
        "units": 32
      },
      {
        "delta": "0.087999999999999995",
        "slot": "forced_labor_section_301",
        "units": 132
      },
      {
        "delta": "0.088999999999999996",
        "slot": "forced_labor_section_301",
        "units": 12
      },
      {
        "delta": "0.089999999999999997",
        "slot": "forced_labor_section_301",
        "units": 632
      },
      {
        "delta": "0.090999999999999998",
        "slot": "forced_labor_section_301",
        "units": 100
      },
      {
        "delta": "0.091999999999999998",
        "slot": "forced_labor_section_301",
        "units": 112
      },
      {
        "delta": "0.092999999999999999",
        "slot": "forced_labor_section_301",
        "units": 48
      },
      {
        "delta": "0.094",
        "slot": "forced_labor_section_301",
        "units": 392
      },
      {
        "delta": "0.095000000000000001",
        "slot": "forced_labor_section_301",
        "units": 424
      },
      {
        "delta": "0.096000000000000002",
        "slot": "forced_labor_section_301",
        "units": 216
      },
      {
        "delta": "0.097000000000000003",
        "slot": "forced_labor_section_301",
        "units": 188
      },
      {
        "delta": "0.098000000000000004",
        "slot": "forced_labor_section_301",
        "units": 148
      },
      {
        "delta": "0.099000000000000005",
        "slot": "forced_labor_section_301",
        "units": 76
      },
      {
        "delta": "0.10000000000000001",
        "slot": "forced_labor_section_301",
        "units": 73706
      },
      {
        "delta": "0.10100000000000001",
        "slot": "forced_labor_section_301",
        "units": 72
      },
      {
        "delta": "0.10199999999999999",
        "slot": "forced_labor_section_301",
        "units": 48
      },
      {
        "delta": "0.10299999999999999",
        "slot": "forced_labor_section_301",
        "units": 152
      },
      {
        "delta": "0.104",
        "slot": "forced_labor_section_301",
        "units": 8
      },
      {
        "delta": "0.105",
        "slot": "forced_labor_section_301",
        "units": 244
      },
      {
        "delta": "0.106",
        "slot": "forced_labor_section_301",
        "units": 40
      },
      {
        "delta": "0.107",
        "slot": "forced_labor_section_301",
        "units": 12
      },
      {
        "delta": "0.108",
        "slot": "forced_labor_section_301",
        "units": 16
      },
      {
        "delta": "0.109",
        "slot": "forced_labor_section_301",
        "units": 88
      },
      {
        "delta": "0.11",
        "slot": "forced_labor_section_301",
        "units": 28
      },
      {
        "delta": "0.111",
        "slot": "forced_labor_section_301",
        "units": 148
      },
      {
        "delta": "0.115",
        "slot": "forced_labor_section_301",
        "units": 96
      },
      {
        "delta": "0.121",
        "slot": "forced_labor_section_301",
        "units": 8
      },
      {
        "delta": "0.125",
        "slot": "forced_labor_section_301",
        "units": 139512
      }
    ],
    "by_slot_interval": [
      {
        "interval_from": "2026-07-22",
        "interval_until": "2026-07-23",
        "slot": "brazil_section_301",
        "units": 4682
      },
      {
        "interval_from": "2026-07-24",
        "interval_until": "2026-07-30",
        "slot": "brazil_section_301",
        "units": 4682
      },
      {
        "interval_from": "2026-07-31",
        "interval_until": "2026-08-01",
        "slot": "brazil_section_301",
        "units": 4766
      },
      {
        "interval_from": "2026-07-24",
        "interval_until": "2026-07-30",
        "slot": "forced_labor_section_301",
        "units": 115876
      },
      {
        "interval_from": "2026-07-31",
        "interval_until": "2026-08-01",
        "slot": "forced_labor_section_301",
        "units": 116934
      }
    ],
    "by_slot_iso": [
      {
        "iso2": "BR",
        "slot": "brazil_section_301",
        "units": 14130
      },
      {
        "iso2": "AE",
        "slot": "forced_labor_section_301",
        "units": 384
      },
      {
        "iso2": "AO",
        "slot": "forced_labor_section_301",
        "units": 414
      },
      {
        "iso2": "AR",
        "slot": "forced_labor_section_301",
        "units": 676
      },
      {
        "iso2": "AT",
        "slot": "forced_labor_section_301",
        "units": 584
      },
      {
        "iso2": "AU",
        "slot": "forced_labor_section_301",
        "units": 418
      },
      {
        "iso2": "BD",
        "slot": "forced_labor_section_301",
        "units": 3400
      },
      {
        "iso2": "BE",
        "slot": "forced_labor_section_301",
        "units": 524
      },
      {
        "iso2": "BG",
        "slot": "forced_labor_section_301",
        "units": 626
      },
      {
        "iso2": "BH",
        "slot": "forced_labor_section_301",
        "units": 376
      },
      {
        "iso2": "BR",
        "slot": "forced_labor_section_301",
        "units": 9264
      },
      {
        "iso2": "BS",
        "slot": "forced_labor_section_301",
        "units": 418
      },
      {
        "iso2": "CA",
        "slot": "forced_labor_section_301",
        "units": 10708
      },
      {
        "iso2": "CH",
        "slot": "forced_labor_section_301",
        "units": 2506
      },
      {
        "iso2": "CL",
        "slot": "forced_labor_section_301",
        "units": 446
      },
      {
        "iso2": "CN",
        "slot": "forced_labor_section_301",
        "units": 10824
      },
      {
        "iso2": "CO",
        "slot": "forced_labor_section_301",
        "units": 424
      },
      {
        "iso2": "CR",
        "slot": "forced_labor_section_301",
        "units": 1970
      },
      {
        "iso2": "CY",
        "slot": "forced_labor_section_301",
        "units": 532
      },
      {
        "iso2": "CZ",
        "slot": "forced_labor_section_301",
        "units": 666
      },
      {
        "iso2": "DE",
        "slot": "forced_labor_section_301",
        "units": 632
      },
      {
        "iso2": "DK",
        "slot": "forced_labor_section_301",
        "units": 544
      },
      {
        "iso2": "DO",
        "slot": "forced_labor_section_301",
        "units": 514
      },
      {
        "iso2": "DZ",
        "slot": "forced_labor_section_301",
        "units": 3806
      },
      {
        "iso2": "EC",
        "slot": "forced_labor_section_301",
        "units": 680
      },
      {
        "iso2": "EE",
        "slot": "forced_labor_section_301",
        "units": 640
      },
      {
        "iso2": "EG",
        "slot": "forced_labor_section_301",
        "units": 402
      },
      {
        "iso2": "ES",
        "slot": "forced_labor_section_301",
        "units": 548
      },
      {
        "iso2": "FI",
        "slot": "forced_labor_section_301",
        "units": 610
      },
      {
        "iso2": "FR",
        "slot": "forced_labor_section_301",
        "units": 600
      },
      {
        "iso2": "GB",
        "slot": "forced_labor_section_301",
        "units": 9612
      },
      {
        "iso2": "GR",
        "slot": "forced_labor_section_301",
        "units": 574
      },
      {
        "iso2": "GT",
        "slot": "forced_labor_section_301",
        "units": 774
      },
      {
        "iso2": "GY",
        "slot": "forced_labor_section_301",
        "units": 646
      },
      {
        "iso2": "HK",
        "slot": "forced_labor_section_301",
        "units": 10724
      },
      {
        "iso2": "HN",
        "slot": "forced_labor_section_301",
        "units": 506
      },
      {
        "iso2": "HR",
        "slot": "forced_labor_section_301",
        "units": 608
      },
      {
        "iso2": "HU",
        "slot": "forced_labor_section_301",
        "units": 630
      },
      {
        "iso2": "ID",
        "slot": "forced_labor_section_301",
        "units": 3766
      },
      {
        "iso2": "IE",
        "slot": "forced_labor_section_301",
        "units": 584
      },
      {
        "iso2": "IL",
        "slot": "forced_labor_section_301",
        "units": 672
      },
      {
        "iso2": "IN",
        "slot": "forced_labor_section_301",
        "units": 4456
      },
      {
        "iso2": "IQ",
        "slot": "forced_labor_section_301",
        "units": 10636
      },
      {
        "iso2": "IT",
        "slot": "forced_labor_section_301",
        "units": 588
      },
      {
        "iso2": "JO",
        "slot": "forced_labor_section_301",
        "units": 674
      },
      {
        "iso2": "JP",
        "slot": "forced_labor_section_301",
        "units": 2226
      },
      {
        "iso2": "KH",
        "slot": "forced_labor_section_301",
        "units": 3720
      },
      {
        "iso2": "KR",
        "slot": "forced_labor_section_301",
        "units": 11340
      },
      {
        "iso2": "KW",
        "slot": "forced_labor_section_301",
        "units": 392
      },
      {
        "iso2": "KZ",
        "slot": "forced_labor_section_301",
        "units": 4580
      },
      {
        "iso2": "LK",
        "slot": "forced_labor_section_301",
        "units": 3550
      },
      {
        "iso2": "LT",
        "slot": "forced_labor_section_301",
        "units": 536
      },
      {
        "iso2": "LU",
        "slot": "forced_labor_section_301",
        "units": 528
      },
      {
        "iso2": "LV",
        "slot": "forced_labor_section_301",
        "units": 634
      },
      {
        "iso2": "LY",
        "slot": "forced_labor_section_301",
        "units": 3732
      },
      {
        "iso2": "MA",
        "slot": "forced_labor_section_301",
        "units": 430
      },
      {
        "iso2": "MT",
        "slot": "forced_labor_section_301",
        "units": 620
      },
      {
        "iso2": "MX",
        "slot": "forced_labor_section_301",
        "units": 10704
      },
      {
        "iso2": "MY",
        "slot": "forced_labor_section_301",
        "units": 3928
      },
      {
        "iso2": "NG",
        "slot": "forced_labor_section_301",
        "units": 674
      },
      {
        "iso2": "NI",
        "slot": "forced_labor_section_301",
        "units": 26278
      },
      {
        "iso2": "NL",
        "slot": "forced_labor_section_301",
        "units": 556
      },
      {
        "iso2": "NO",
        "slot": "forced_labor_section_301",
        "units": 648
      },
      {
        "iso2": "NZ",
        "slot": "forced_labor_section_301",
        "units": 630
      },
      {
        "iso2": "OM",
        "slot": "forced_labor_section_301",
        "units": 386
      },
      {
        "iso2": "PE",
        "slot": "forced_labor_section_301",
        "units": 390
      },
      {
        "iso2": "PH",
        "slot": "forced_labor_section_301",
        "units": 3878
      },
      {
        "iso2": "PK",
        "slot": "forced_labor_section_301",
        "units": 3622
      },
      {
        "iso2": "PL",
        "slot": "forced_labor_section_301",
        "units": 574
      },
      {
        "iso2": "PT",
        "slot": "forced_labor_section_301",
        "units": 562
      },
      {
        "iso2": "QA",
        "slot": "forced_labor_section_301",
        "units": 436
      },
      {
        "iso2": "RO",
        "slot": "forced_labor_section_301",
        "units": 568
      },
      {
        "iso2": "RU",
        "slot": "forced_labor_section_301",
        "units": 10266
      },
      {
        "iso2": "SA",
        "slot": "forced_labor_section_301",
        "units": 402
      },
      {
        "iso2": "SE",
        "slot": "forced_labor_section_301",
        "units": 562
      },
      {
        "iso2": "SG",
        "slot": "forced_labor_section_301",
        "units": 444
      },
      {
        "iso2": "SI",
        "slot": "forced_labor_section_301",
        "units": 538
      },
      {
        "iso2": "SK",
        "slot": "forced_labor_section_301",
        "units": 566
      },
      {
        "iso2": "SV",
        "slot": "forced_labor_section_301",
        "units": 838
      },
      {
        "iso2": "TH",
        "slot": "forced_labor_section_301",
        "units": 3726
      },
      {
        "iso2": "TR",
        "slot": "forced_labor_section_301",
        "units": 620
      },
      {
        "iso2": "TT",
        "slot": "forced_labor_section_301",
        "units": 734
      },
      {
        "iso2": "TW",
        "slot": "forced_labor_section_301",
        "units": 8604
      },
      {
        "iso2": "UY",
        "slot": "forced_labor_section_301",
        "units": 412
      },
      {
        "iso2": "VE",
        "slot": "forced_labor_section_301",
        "units": 398
      },
      {
        "iso2": "VN",
        "slot": "forced_labor_section_301",
        "units": 8354
      },
      {
        "iso2": "ZA",
        "slot": "forced_labor_section_301",
        "units": 10638
      }
    ],
    "by_slot_revision": [
      {
        "revision": "bnd_2026-07-22",
        "slot": "brazil_section_301",
        "units": 4682
      },
      {
        "revision": "bnd_2026-07-24",
        "slot": "brazil_section_301",
        "units": 4682
      },
      {
        "revision": "bnd_2026-07-31",
        "slot": "brazil_section_301",
        "units": 4766
      },
      {
        "revision": "bnd_2026-07-24",
        "slot": "forced_labor_section_301",
        "units": 115876
      },
      {
        "revision": "bnd_2026-07-31",
        "slot": "forced_labor_section_301",
        "units": 116934
      }
    ],
    "non_cafta_units": 229536,
    "per_slot": {
      "brazil_section_301": 14130,
      "forced_labor_section_301": 232810
    },
    "units": 246940
  },
  "per_slot": {
    "brazil_section_301": {
      "match": 19062678,
      "mismatch": 22866
    },
    "forced_labor_section_301": {
      "match": 16506892,
      "mismatch": 372464
    }
  },
  "post_rebind_target_units": {
    "fed-false-family-brazil": {
      "baseline": 93198,
      "closed": 84462,
      "residual": 8736
    },
    "fed-false-family-forced-labor": {
      "baseline": 1499038,
      "closed": 1359384,
      "residual": 139654
    }
  },
  "schema": "axiom_oracles.us_tariff_schedule.preview_1311_target_classification.v1",
  "scope": {
    "chapter_count": 94,
    "chapters": [
      "01",
      "02",
      "03",
      "04",
      "05",
      "06",
      "07",
      "08",
      "09",
      "10",
      "11",
      "12",
      "13",
      "14",
      "15",
      "16",
      "17",
      "18",
      "19",
      "20",
      "21",
      "22",
      "23",
      "24",
      "25",
      "26",
      "28",
      "29",
      "30",
      "32",
      "33",
      "34",
      "35",
      "36",
      "37",
      "38",
      "39",
      "40",
      "41",
      "42",
      "43",
      "44",
      "45",
      "46",
      "47",
      "48",
      "49",
      "50",
      "51",
      "52",
      "53",
      "54",
      "55",
      "56",
      "57",
      "58",
      "59",
      "60",
      "61",
      "62",
      "63",
      "64",
      "65",
      "66",
      "67",
      "68",
      "69",
      "70",
      "71",
      "72",
      "73",
      "74",
      "75",
      "76",
      "78",
      "79",
      "80",
      "81",
      "82",
      "83",
      "84",
      "85",
      "86",
      "87",
      "88",
      "89",
      "90",
      "91",
      "92",
      "93",
      "94",
      "95",
      "96",
      "98"
    ],
    "endpoint_records": 19085544,
    "target_component_comparisons": 35964900
  },
  "static_flag_true_yale_zero_ceiling": {
    "brazil_section_301": 14130,
    "forced_labor_section_301": 259270
  },
  "verdict": "PASS"
}
