uv run scripts/run_comparison.py --list
al-snap-ecps              Alabama SNAP -- Axiom vs PolicyEngine
al-tanf-ecps              Alabama TANF -- Axiom vs PolicyEngine
az-income-tax-liability   Arizona income tax liability — Axiom vs PolicyEngine and TAXSIM
az-snap-ecps              Arizona SNAP -- Axiom vs PolicyEngine
az-snap-qc                Arizona SNAP — Axiom vs USDA SNAP QC administrative data
az-tanf-ecps              Arizona Cash Assistance -- Axiom vs PolicyEngine
be-article-51-forfait     Belgium Article 51 employee professional-expense forfait (tintace) — Axiom vs EUROMOD
be-capital-income-tax     Belgium separately-taxed capital-income tax (tinkt) — Axiom vs EUROMOD
be-elderly-income-support  Belgium income guarantee for elderly people (GRAPA/IGO) — Axiom vs EUROMOD
be-local-municipal-pit    Belgium local/municipal PIT additional tax (tinmu) — Axiom vs EUROMOD
be-marital-quotient       Belgium single-earner-couple marital-quotient PIT (tintb) — Axiom vs EUROMOD
be-pensioner-contributions  Belgium pensioner health/disability + solidarity contribution — Axiom vs EUROMOD
be-pensioner-pit          Belgium pensioner PIT — Axiom vs EUROMOD
be-regional-pit-surcharge  Belgium regional PIT additional tax (tinrg) — Axiom vs EUROMOD
be-replacement-income-pit  Belgium replacement-income PIT — Axiom vs EUROMOD
be-self-employment-pit    Belgium self-employment PIT — Axiom vs EUROMOD
be-study-allowance        Belgium study allowances (bed_s) — Axiom vs EUROMOD
be-work-bonus-credit      Belgium Article 289ter/1 low-wage work-bonus credit (tintcly) — Axiom vs EUROMOD
ca-federal-schedule-tax-spsm  Canada federal schedule tax — Axiom vs SPSD/M
ca-income-tax-liability   California income tax liability — Axiom vs PolicyEngine and TAXSIM
ca-snap-ecps              California SNAP -- Axiom vs PolicyEngine
ca-snap-qc                California CalFresh — Axiom vs USDA SNAP QC administrative data
ca-tanf-ecps              California TANF -- Axiom vs PolicyEngine
co-income-tax-liability   Colorado section 39-22-104 base tax — Axiom vs PolicyEngine and TAXSIM
co-snap-ecps              Colorado SNAP — Axiom vs PolicyEngine
co-snap-qc                Colorado SNAP — Axiom vs USDA SNAP QC administrative data
co-state-income-tax-ecps  Colorado state income tax — Axiom vs PolicyEngine
co-state-income-tax-taxsim  Colorado income tax -- Axiom vs TAXSIM
co-tanf-ecps              Colorado TANF -- Axiom vs PolicyEngine
co-tax-intersection-taxsim  Shared tax concepts — Axiom vs TAXSIM
dc-income-tax-liability   District of Columbia income tax liability — Axiom vs PolicyEngine and TAXSIM
de-kindergeld-eligibility  Germany Kindergeld child eligibility — EUROMOD vs GETTSIM
de-tanf-ecps              Delaware TANF -- Axiom vs PolicyEngine
de-worker-dual-oracle-axiom-euromod  Germany workers — Axiom vs EUROMOD
de-worker-dual-oracle-axiom-gettsim  Germany workers — Axiom vs GETTSIM
de-worker-dual-oracle     Germany workers — EUROMOD vs GETTSIM
dk-child-youth-benefit-2023-euromod  Denmark 2023 Child and Youth Benefit Supplement — Axiom vs EUROMOD
dk-child-youth-benefit-couple-euromod  Denmark Couple Child and Youth Benefit — Axiom vs EUROMOD
dk-child-youth-benefit-euromod  Denmark Child and Youth Benefit — Axiom vs EUROMOD
fiit-ecps                 Federal income tax — Axiom vs PolicyEngine
fiit-taxsim-ecps          Federal income tax — Axiom vs TAXSIM (national)
fl-snap-ecps              Florida SNAP -- Axiom vs PolicyEngine
ga-income-tax-liability   Georgia section 48-7-20 tax before nonrefundable credits — Axiom vs PolicyEngine and TAXSIM
ga-snap-ecps              Georgia SNAP -- Axiom vs PolicyEngine
ga-snap-qc                Georgia SNAP — Axiom vs USDA SNAP QC administrative data
ga-tanf-ecps              Georgia TANF -- Axiom vs PolicyEngine
hi-income-tax-liability   Hawaii income tax liability — Axiom vs PolicyEngine and TAXSIM
ia-income-tax-liability   Iowa income tax liability — Axiom vs PolicyEngine and TAXSIM
id-income-tax-liability   Idaho income tax liability — Axiom vs PolicyEngine and TAXSIM
il-income-tax-liability   Illinois income tax liability — Axiom vs PolicyEngine and TAXSIM
in-income-tax-liability   Indiana income tax liability — Axiom vs PolicyEngine and TAXSIM
ks-income-tax-liability   Kansas income tax liability — Axiom vs PolicyEngine and TAXSIM
ks-tanf-ecps              Kansas TANF maximum benefit -- Axiom vs PolicyEngine
ky-income-tax-liability   Kentucky KRS 141.020 schedule before credits — Axiom vs PolicyEngine and TAXSIM
la-income-tax-liability   Louisiana income tax liability — Axiom vs PolicyEngine and TAXSIM
ma-income-tax-liability   Massachusetts income tax liability — Axiom vs PolicyEngine and TAXSIM
ma-snap-ecps              Massachusetts SNAP — Axiom vs PolicyEngine
md-income-tax-liability   Maryland income tax liability — Axiom vs PolicyEngine and TAXSIM
md-snap-qc                Maryland SNAP — Axiom vs USDA SNAP QC administrative data
me-income-tax-liability   Maine income tax liability — Axiom vs PolicyEngine and TAXSIM
medicaid-magi-co-ecps     Medicaid eligibility groups (CO) -- Axiom vs PolicyEngine
mi-income-tax-liability   Michigan income tax liability — Axiom vs PolicyEngine and TAXSIM
mn-income-tax-liability   Minnesota income tax liability — Axiom vs PolicyEngine and TAXSIM
mn-tanf-ecps              Minnesota TANF -- Axiom vs PolicyEngine
mo-income-tax-liability   Missouri income tax liability — Axiom vs PolicyEngine and TAXSIM
ms-income-tax-liability   Mississippi section 27-7-5 Person schedule tax — Axiom vs PolicyEngine and TAXSIM
mt-income-tax-liability   Montana income tax liability — Axiom vs PolicyEngine and TAXSIM
nc-income-tax-liability   North Carolina income tax liability — Axiom vs PolicyEngine and TAXSIM
nc-snap-ecps              North Carolina SNAP -- Axiom vs PolicyEngine
nd-income-tax-liability   North Dakota income tax liability — Axiom vs PolicyEngine and TAXSIM
ne-income-tax-liability   Nebraska income tax liability — Axiom vs PolicyEngine and TAXSIM
nj-income-tax-liability   New Jersey gross income tax liability — Axiom vs PolicyEngine and TAXSIM
nm-income-tax-liability   New Mexico income tax liability — Axiom vs PolicyEngine and TAXSIM
ny-income-tax-liability   New York main income tax — Axiom vs PolicyEngine and TAXSIM
ny-snap-ecps              New York SNAP -- Axiom vs PolicyEngine
ny-snap-qc                New York SNAP — Axiom vs USDA SNAP QC administrative data
ny-tanf-ecps              New York TANF -- Axiom vs PolicyEngine
oh-income-tax-liability   Ohio income tax liability — Axiom vs PolicyEngine and TAXSIM
ok-income-tax-liability   Oklahoma income tax liability — Axiom vs PolicyEngine and TAXSIM
or-income-tax-liability   Oregon income tax liability — Axiom vs PolicyEngine and TAXSIM
or-snap-ecps              Oregon SNAP -- Axiom vs PolicyEngine
pa-income-tax-liability   Pennsylvania income tax liability — Axiom vs PolicyEngine and TAXSIM
parameter-oracles         (22 parameter suites)
ri-income-tax-liability   Rhode Island income tax liability — Axiom vs PolicyEngine and TAXSIM
sc-income-tax-liability   South Carolina income tax liability — Axiom vs PolicyEngine and TAXSIM
sc-snap-ecps              South Carolina SNAP -- Axiom vs PolicyEngine
ssi-ecps                  SSI -- Axiom vs PolicyEngine
state-income-tax-populace  (non-registry config)
taxcalc-fiit-ecps         Federal income tax — Tax-Calculator vs PolicyEngine
tn-snap-ecps              Tennessee SNAP -- Axiom vs PolicyEngine
tx-snap-qc                Texas SNAP — Axiom vs USDA SNAP QC administrative data
uk-attendance-allowance-pe  UK Attendance Allowance — Axiom vs PolicyEngine
uk-benefit-cap-ukmod      UK benefit cap (Universal Credit reduction) — Axiom vs UKMOD
uk-best-start-foods-ukmod  UK Best Start Foods — Axiom vs UKMOD
uk-business-rates         UK Business Rates — Axiom vs PolicyEngine
uk-capital-gains-tax      UK Capital Gains Tax — Axiom vs PolicyEngine
uk-child-benefit-ukmod    UK Child Benefit — Axiom vs UKMOD
uk-child-winter-heating-payment-ukmod  UK Child Winter Heating Payment — Axiom vs UKMOD
uk-contribution-based-jsa-ukmod  UK contribution-based JSA — Axiom vs UKMOD
uk-council-tax-reduction  UK Council Tax Reduction — Axiom vs PolicyEngine
uk-employer-nic-ukmod     UK employer secondary NIC — Axiom vs UKMOD
uk-fuel-duty              UK fuel duty — Axiom vs PolicyEngine
uk-healthy-start-ukmod    UK Healthy Start — Axiom vs UKMOD
uk-housing-benefit-ukmod  UK Housing Benefit — Axiom vs UKMOD
uk-income-tax-dividend-ukmod  UK dividend income tax — Axiom vs UKMOD
uk-income-tax-mixed-ukmod  UK mixed savings and dividend income tax — Axiom vs UKMOD
uk-income-tax-savings-ukmod  UK savings income tax — Axiom vs UKMOD
uk-income-tax-scottish-ukmod  Scottish income tax — Axiom vs UKMOD
uk-lbtt-ltt               UK devolved property transaction taxes — Axiom vs PolicyEngine
uk-maternity-allowance-ukmod  UK Maternity Allowance — Axiom vs UKMOD
uk-pension-credit-ukmod   UK Pension Credit — Axiom vs UKMOD
uk-personal-allowance-ukmod  UK personal allowance — Axiom vs UKMOD
uk-scottish-carer-supplement-ukmod  UK Scottish Carer Supplement — Axiom vs UKMOD
uk-scottish-child-payment-ukmod  UK Scottish Child Payment — Axiom vs UKMOD
uk-self-employed-nic-ukmod  UK self-employed NIC — Axiom vs UKMOD
uk-statutory-maternity-pay-ukmod  UK Statutory Maternity Pay — Axiom vs UKMOD
uk-statutory-paternity-pay-ukmod  UK Statutory Paternity Pay — Axiom vs UKMOD
uk-sure-start-maternity-grant-ukmod  UK Sure Start Maternity Grant — Axiom vs UKMOD
uk-tax-benefits-efrs      UK tax and benefits — Axiom vs PolicyEngine
uk-tax-free-childcare-pe  UK Tax-Free Childcare — Axiom vs PolicyEngine
uk-tv-licence             UK TV licence — Axiom vs PolicyEngine
uk-universal-credit-efrs  UK Universal Credit — Axiom vs PolicyEngine
uk-universal-credit-ukmod  UK Universal Credit — Axiom vs UKMOD
uk-vat                    UK VAT — Axiom vs PolicyEngine
uk-winter-fuel-payment-pe  UK Winter Fuel Payment — Axiom vs PolicyEngine
uk-winter-fuel-ukmod      UK Winter Fuel Payment — Axiom vs UKMOD
uk-worker-nic-ukmod       UK worker employee NIC — Axiom vs UKMOD
uk-worker-pit-ukmod       UK worker income tax — Axiom vs UKMOD
us-aca-ptc-grid           Federal ACA premium tax credit — Axiom vs PolicyEngine
us-additional-medicare-grid  Federal Additional Medicare Tax — Axiom vs PolicyEngine
us-elderly-disabled-grid  Federal elderly or disabled credit — Axiom vs PolicyEngine
us-itemized-taxable-income-deductions-grid  Federal itemized taxable-income deductions — Axiom vs PolicyEngine
us-llc-grid               Federal Lifetime Learning Credit — Axiom vs PolicyEngine
us-niit-grid              Federal net investment income tax — Axiom vs PolicyEngine
us-qbid-grid              Federal qualified business income deduction — Axiom vs PolicyEngine
us-salt-deduction-grid    Federal SALT deduction — Axiom vs PolicyEngine
us-savers-grid            Federal saver’s credit — Axiom vs PolicyEngine
us-seca-grid              Federal self-employment tax — Axiom vs PolicyEngine
us-snap-abawd-grid        SNAP ABAWD post-P.L. 119-21 boundaries — Axiom vs PolicyEngine
us-tariff-panel           US tariff panel — Axiom vs Yale Budget Lab statutory panel
us-tariff-schedule        US tariff full schedule — Axiom bulk path vs Yale statutory panel
us-tariff                 US tariff duty — Axiom vs USITC statutory schedule
ut-income-tax-liability   Utah resident income tax before credits — Axiom vs PolicyEngine and TAXSIM
ut-snap-ecps              Utah SNAP -- Axiom vs PolicyEngine
va-income-tax-liability   Virginia income tax liability — Axiom vs PolicyEngine and TAXSIM
vt-income-tax-liability   Vermont income tax liability — Axiom vs PolicyEngine and TAXSIM
wa-income-tax-liability   Washington capital-gains income tax liability — Axiom vs PolicyEngine and TAXSIM
wa-tanf-ecps              Washington TANF -- Axiom vs PolicyEngine
wi-income-tax-liability   Wisconsin income tax liability — Axiom vs PolicyEngine and TAXSIM
wv-income-tax-liability   West Virginia income tax liability — Axiom vs PolicyEngine and TAXSIM
